// Jest Snapshot v1, https://goo.gl/fbAQLP

exports[`renders a other resources details 1`] = `
<div
  className="AppDetails"
>
  <h2>
    Details
  </h2>
  <hr />
  <div
    className="AppDetails__content margin-h-big"
  >
    <h6>
      Other Resources
    </h6>
    <table>
      <tbody>
        <tr
          key="foo"
        >
          <td>
            Secret
          </td>
          <td />
          <td>
            foo
          </td>
        </tr>
        <tr
          key="bar"
        >
          <td>
            PersistentVolume
          </td>
          <td />
          <td>
            foo
          </td>
        </tr>
      </tbody>
    </table>
  </div>
</div>
`;
