// Jest Snapshot v1, https://goo.gl/fbAQLP

exports[`renders a header for the chart 1`] = `
<header>
  <div
    className="ChartView__heading margin-normal row"
  >
    <div
      className="col-1 ChartHeader_img"
    >
      <ChartIcon />
    </div>
    <div
      className="col-8"
    >
      <div
        className="title margin-l-small"
      >
        <h1
          className="margin-t-reset"
        >
          testrepo/test
        </h1>
        <h5
          className="subtitle margin-b-normal"
        >
          <span>
            1.2.3
             - 
          </span>
          <Link
            replace={false}
            to="/catalog/testrepo"
          >
            testrepo
          </Link>
        </h5>
        <h5
          className="subtitle margin-b-reset"
        >
          A Test Chart
        </h5>
      </div>
    </div>
    <div
      className="col-3 ChartHeader_button"
    >
      <ChartDeployButton
        version={
          Object {
            "attributes": Object {
              "app_version": "1.2.3",
            },
          }
        }
      />
    </div>
  </div>
  <hr />
</header>
`;
