// Jest Snapshot v1, https://goo.gl/fbAQLP

exports[`renders information about the binding with a secret 1`] = `
<tr
  className="row padding-t-small"
>
  <td
    className="col-2"
  >
    foo
  </td>
  <td
    className="col-2"
  >
    <code>
      none
    </code>
  </td>
  <td
    className="col-2"
  >
    <button
      className="button"
      onClick={[Function]}
    >
      Show message
    </button>
    <MessageDetails
      closeModal={[Function]}
      message="everything okay here"
      modalIsOpen={false}
    />
  </td>
  <td
    className="col-4"
  >
    <BindingDetails
      binding={
        Object {
          "metadata": Object {
            "creationTimestamp": "",
            "finalizers": Array [],
            "generation": 1,
            "name": "foo",
            "namespace": "default",
            "resourceVersion": "",
            "selfLink": "",
            "uid": "",
          },
          "spec": Object {
            "externalID": "",
            "instanceRef": Object {
              "name": "foo",
            },
            "secretName": "bar",
          },
          "status": Object {
            "asyncOpInProgress": false,
            "conditions": Array [
              Object {
                "lastTransitionTime": "1",
                "message": "everything okay here",
                "reason": "none",
                "status": "good",
                "type": "a type",
              },
            ],
            "currentOperation": "",
            "externalProperties": Object {},
            "operationStartTime": "",
            "orphanMitigationInProgress": false,
            "reconciledGeneration": 1,
            "unbindStatus": "",
          },
        }
      }
      secret={
        Object {
          "apiVersion": "",
          "data": Object {
            "mySecret": "Y29udGVudAo=",
          },
          "kind": "",
          "metadata": Object {
            "creationTimestamp": "",
            "finalizers": Array [],
            "generation": 1,
            "name": "bar",
            "namespace": "default",
            "resourceVersion": "",
            "selfLink": "",
            "uid": "",
          },
        }
      }
    />
  </td>
  <td
    className="col-2"
  >
    <RemoveBindingButton
      bindingWithSecret={
        Object {
          "binding": Object {
            "metadata": Object {
              "creationTimestamp": "",
              "finalizers": Array [],
              "generation": 1,
              "name": "foo",
              "namespace": "default",
              "resourceVersion": "",
              "selfLink": "",
              "uid": "",
            },
            "spec": Object {
              "externalID": "",
              "instanceRef": Object {
                "name": "foo",
              },
              "secretName": "bar",
            },
            "status": Object {
              "asyncOpInProgress": false,
              "conditions": Array [
                Object {
                  "lastTransitionTime": "1",
                  "message": "everything okay here",
                  "reason": "none",
                  "status": "good",
                  "type": "a type",
                },
              ],
              "currentOperation": "",
              "externalProperties": Object {},
              "operationStartTime": "",
              "orphanMitigationInProgress": false,
              "reconciledGeneration": 1,
              "unbindStatus": "",
            },
          },
          "secret": Object {
            "apiVersion": "",
            "data": Object {
              "mySecret": "Y29udGVudAo=",
            },
            "kind": "",
            "metadata": Object {
              "creationTimestamp": "",
              "finalizers": Array [],
              "generation": 1,
              "name": "bar",
              "namespace": "default",
              "resourceVersion": "",
              "selfLink": "",
              "uid": "",
            },
          },
        }
      }
      removeBinding={[MockFunction]}
    />
  </td>
</tr>
`;
