// Jest Snapshot v1, https://goo.gl/fbAQLP

exports[`renders information about the binding with a secret 1`] = `
<div
  className="BindingList"
>
  <table>
    <thead>
      <tr
        className="row"
      >
        <th
          className="col-2"
        >
          Binding
        </th>
        <th
          className="col-2"
        >
          Status
        </th>
        <th
          className="col-2"
        >
          Message
        </th>
        <th
          className="col-4"
        >
          Details
        </th>
        <th
          className="col-2"
        />
      </tr>
    </thead>
    <tbody>
      <BindingListEntry
        bindingWithSecret={
          Object {
            "binding": Object {
              "metadata": Object {
                "creationTimestamp": "",
                "finalizers": Array [],
                "generation": 1,
                "name": "foo",
                "namespace": "default",
                "resourceVersion": "",
                "selfLink": "",
                "uid": "",
              },
              "spec": Object {
                "externalID": "",
                "instanceRef": Object {
                  "name": "foo",
                },
                "secretName": "bar",
              },
              "status": Object {
                "asyncOpInProgress": false,
                "conditions": Array [
                  Object {
                    "lastTransitionTime": "1",
                    "message": "everything okay here",
                    "reason": "none",
                    "status": "good",
                    "type": "a type",
                  },
                ],
                "currentOperation": "",
                "externalProperties": Object {},
                "operationStartTime": "",
                "orphanMitigationInProgress": false,
                "reconciledGeneration": 1,
                "unbindStatus": "",
              },
            },
            "secret": Object {
              "apiVersion": "",
              "data": Object {
                "mySecret": "Y29udGVudAo=",
              },
              "kind": "",
              "metadata": Object {
                "creationTimestamp": "",
                "finalizers": Array [],
                "generation": 1,
                "name": "bar",
                "namespace": "default",
                "resourceVersion": "",
                "selfLink": "",
                "uid": "",
              },
            },
          }
        }
        key=""
        removeBinding={[MockFunction]}
      />
    </tbody>
  </table>
</div>
`;
