// Jest Snapshot v1, https://goo.gl/fbAQLP

exports[`renders a table with a secret 1`] = `
<table>
  <thead>
    <tr
      className="flex"
    >
      <th
        className="col-2"
      >
        NAME
      </th>
      <th
        className="col-2"
      >
        TYPE
      </th>
      <th
        className="col-7"
      >
        DATA
      </th>
    </tr>
  </thead>
  <tbody>
    <SecretItem
      key="foo"
      secret={
        Object {
          "apiVersion": "v1",
          "data": Object {},
          "kind": "Secret",
          "metadata": Object {
            "name": "foo",
          },
          "type": "Opaque",
        }
      }
    />
  </tbody>
</table>
`;
