// Jest Snapshot v1, https://goo.gl/fbAQLP

exports[`renders a welcome message if no apps are available 1`] = `
ShallowWrapper {
  "length": 1,
  Symbol(enzyme.__root__): [Circular],
  Symbol(enzyme.__unrendered__): <AppList
    apps={
        Object {
            "isFetching": false,
            "items": Array [],
            "listOverview": Array [],
          }
    }
    fetchApps={[Function]}
    filter=""
    namespace="default"
    pushSearchFilter={[Function]}
/>,
  Symbol(enzyme.__renderer__): Object {
    "batchedUpdates": [Function],
    "getNode": [Function],
    "render": [Function],
    "simulateEvent": [Function],
    "unmount": [Function],
  },
  Symbol(enzyme.__node__): Object {
    "instance": null,
    "key": undefined,
    "nodeType": "host",
    "props": Object {
      "children": Array [
        <PageHeader>
          <div
                    className="col-8"
          >
                    <div
                              className="row"
                    >
                              <h1>
                                        Applications
                              </h1>
                    </div>
          </div>
</PageHeader>,
        <main>
          <MessageAlertPage
                    header="Supercharge your Kubernetes cluster"
          >
                    <div>
                              <p
                                        className="margin-v-normal"
                              >
                                        Deploy applications on your Kubernetes cluster with a single click.
                              </p>
                              <div
                                        className="padding-b-normal"
                              >
                                        <Link
                                                  className="button button-accent"
                                                  replace={false}
                                                  to="/charts"
                                        >
                                                  Deploy App
                                        </Link>
                              </div>
                    </div>
          </MessageAlertPage>
</main>,
      ],
      "className": "AppList",
    },
    "ref": null,
    "rendered": Array [
      Object {
        "instance": null,
        "key": undefined,
        "nodeType": "class",
        "props": Object {
          "children": Array [
            <div
              className="col-8"
>
              <div
                            className="row"
              >
                            <h1>
                                          Applications
                            </h1>
              </div>
</div>,
            false,
          ],
        },
        "ref": null,
        "rendered": Array [
          Object {
            "instance": null,
            "key": undefined,
            "nodeType": "host",
            "props": Object {
              "children": <div
                className="row"
>
                <h1>
                                Applications
                </h1>
</div>,
              "className": "col-8",
            },
            "ref": null,
            "rendered": Object {
              "instance": null,
              "key": undefined,
              "nodeType": "host",
              "props": Object {
                "children": Array [
                  <h1>
                    Applications
</h1>,
                  false,
                ],
                "className": "row",
              },
              "ref": null,
              "rendered": Array [
                Object {
                  "instance": null,
                  "key": undefined,
                  "nodeType": "host",
                  "props": Object {
                    "children": "Applications",
                  },
                  "ref": null,
                  "rendered": "Applications",
                  "type": "h1",
                },
                false,
              ],
              "type": "div",
            },
            "type": "div",
          },
          false,
        ],
        "type": [Function],
      },
      Object {
        "instance": null,
        "key": undefined,
        "nodeType": "host",
        "props": Object {
          "children": <MessageAlertPage
            header="Supercharge your Kubernetes cluster"
>
            <div>
                        <p
                                    className="margin-v-normal"
                        >
                                    Deploy applications on your Kubernetes cluster with a single click.
                        </p>
                        <div
                                    className="padding-b-normal"
                        >
                                    <Link
                                                className="button button-accent"
                                                replace={false}
                                                to="/charts"
                                    >
                                                Deploy App
                                    </Link>
                        </div>
            </div>
</MessageAlertPage>,
        },
        "ref": null,
        "rendered": Object {
          "instance": null,
          "key": undefined,
          "nodeType": "class",
          "props": Object {
            "children": <div>
              <p
                            className="margin-v-normal"
              >
                            Deploy applications on your Kubernetes cluster with a single click.
              </p>
              <div
                            className="padding-b-normal"
              >
                            <Link
                                          className="button button-accent"
                                          replace={false}
                                          to="/charts"
                            >
                                          Deploy App
                            </Link>
              </div>
</div>,
            "header": "Supercharge your Kubernetes cluster",
          },
          "ref": null,
          "rendered": Object {
            "instance": null,
            "key": undefined,
            "nodeType": "host",
            "props": Object {
              "children": Array [
                <p
                  className="margin-v-normal"
>
                  Deploy applications on your Kubernetes cluster with a single click.
</p>,
                <div
                  className="padding-b-normal"
>
                  <Link
                                    className="button button-accent"
                                    replace={false}
                                    to="/charts"
                  >
                                    Deploy App
                  </Link>
</div>,
              ],
            },
            "ref": null,
            "rendered": Array [
              Object {
                "instance": null,
                "key": undefined,
                "nodeType": "host",
                "props": Object {
                  "children": "Deploy applications on your Kubernetes cluster with a single click.",
                  "className": "margin-v-normal",
                },
                "ref": null,
                "rendered": "Deploy applications on your Kubernetes cluster with a single click.",
                "type": "p",
              },
              Object {
                "instance": null,
                "key": undefined,
                "nodeType": "host",
                "props": Object {
                  "children": <Link
                    className="button button-accent"
                    replace={false}
                    to="/charts"
>
                    Deploy App
</Link>,
                  "className": "padding-b-normal",
                },
                "ref": null,
                "rendered": Object {
                  "instance": null,
                  "key": undefined,
                  "nodeType": "class",
                  "props": Object {
                    "children": "Deploy App",
                    "className": "button button-accent",
                    "replace": false,
                    "to": "/charts",
                  },
                  "ref": null,
                  "rendered": "Deploy App",
                  "type": [Function],
                },
                "type": "div",
              },
            ],
            "type": "div",
          },
          "type": [Function],
        },
        "type": "main",
      },
    ],
    "type": "section",
  },
  Symbol(enzyme.__nodes__): Array [
    Object {
      "instance": null,
      "key": undefined,
      "nodeType": "host",
      "props": Object {
        "children": Array [
          <PageHeader>
            <div
                        className="col-8"
            >
                        <div
                                    className="row"
                        >
                                    <h1>
                                                Applications
                                    </h1>
                        </div>
            </div>
</PageHeader>,
          <main>
            <MessageAlertPage
                        header="Supercharge your Kubernetes cluster"
            >
                        <div>
                                    <p
                                                className="margin-v-normal"
                                    >
                                                Deploy applications on your Kubernetes cluster with a single click.
                                    </p>
                                    <div
                                                className="padding-b-normal"
                                    >
                                                <Link
                                                            className="button button-accent"
                                                            replace={false}
                                                            to="/charts"
                                                >
                                                            Deploy App
                                                </Link>
                                    </div>
                        </div>
            </MessageAlertPage>
</main>,
        ],
        "className": "AppList",
      },
      "ref": null,
      "rendered": Array [
        Object {
          "instance": null,
          "key": undefined,
          "nodeType": "class",
          "props": Object {
            "children": Array [
              <div
                className="col-8"
>
                <div
                                className="row"
                >
                                <h1>
                                                Applications
                                </h1>
                </div>
</div>,
              false,
            ],
          },
          "ref": null,
          "rendered": Array [
            Object {
              "instance": null,
              "key": undefined,
              "nodeType": "host",
              "props": Object {
                "children": <div
                  className="row"
>
                  <h1>
                                    Applications
                  </h1>
</div>,
                "className": "col-8",
              },
              "ref": null,
              "rendered": Object {
                "instance": null,
                "key": undefined,
                "nodeType": "host",
                "props": Object {
                  "children": Array [
                    <h1>
                      Applications
</h1>,
                    false,
                  ],
                  "className": "row",
                },
                "ref": null,
                "rendered": Array [
                  Object {
                    "instance": null,
                    "key": undefined,
                    "nodeType": "host",
                    "props": Object {
                      "children": "Applications",
                    },
                    "ref": null,
                    "rendered": "Applications",
                    "type": "h1",
                  },
                  false,
                ],
                "type": "div",
              },
              "type": "div",
            },
            false,
          ],
          "type": [Function],
        },
        Object {
          "instance": null,
          "key": undefined,
          "nodeType": "host",
          "props": Object {
            "children": <MessageAlertPage
              header="Supercharge your Kubernetes cluster"
>
              <div>
                            <p
                                          className="margin-v-normal"
                            >
                                          Deploy applications on your Kubernetes cluster with a single click.
                            </p>
                            <div
                                          className="padding-b-normal"
                            >
                                          <Link
                                                        className="button button-accent"
                                                        replace={false}
                                                        to="/charts"
                                          >
                                                        Deploy App
                                          </Link>
                            </div>
              </div>
</MessageAlertPage>,
          },
          "ref": null,
          "rendered": Object {
            "instance": null,
            "key": undefined,
            "nodeType": "class",
            "props": Object {
              "children": <div>
                <p
                                className="margin-v-normal"
                >
                                Deploy applications on your Kubernetes cluster with a single click.
                </p>
                <div
                                className="padding-b-normal"
                >
                                <Link
                                                className="button button-accent"
                                                replace={false}
                                                to="/charts"
                                >
                                                Deploy App
                                </Link>
                </div>
</div>,
              "header": "Supercharge your Kubernetes cluster",
            },
            "ref": null,
            "rendered": Object {
              "instance": null,
              "key": undefined,
              "nodeType": "host",
              "props": Object {
                "children": Array [
                  <p
                    className="margin-v-normal"
>
                    Deploy applications on your Kubernetes cluster with a single click.
</p>,
                  <div
                    className="padding-b-normal"
>
                    <Link
                                        className="button button-accent"
                                        replace={false}
                                        to="/charts"
                    >
                                        Deploy App
                    </Link>
</div>,
                ],
              },
              "ref": null,
              "rendered": Array [
                Object {
                  "instance": null,
                  "key": undefined,
                  "nodeType": "host",
                  "props": Object {
                    "children": "Deploy applications on your Kubernetes cluster with a single click.",
                    "className": "margin-v-normal",
                  },
                  "ref": null,
                  "rendered": "Deploy applications on your Kubernetes cluster with a single click.",
                  "type": "p",
                },
                Object {
                  "instance": null,
                  "key": undefined,
                  "nodeType": "host",
                  "props": Object {
                    "children": <Link
                      className="button button-accent"
                      replace={false}
                      to="/charts"
>
                      Deploy App
</Link>,
                    "className": "padding-b-normal",
                  },
                  "ref": null,
                  "rendered": Object {
                    "instance": null,
                    "key": undefined,
                    "nodeType": "class",
                    "props": Object {
                      "children": "Deploy App",
                      "className": "button button-accent",
                      "replace": false,
                      "to": "/charts",
                    },
                    "ref": null,
                    "rendered": "Deploy App",
                    "type": [Function],
                  },
                  "type": "div",
                },
              ],
              "type": "div",
            },
            "type": [Function],
          },
          "type": "main",
        },
      ],
      "type": "section",
    },
  ],
  Symbol(enzyme.__options__): Object {
    "adapter": ReactSixteenAdapter {
      "options": Object {
        "enableComponentDidUpdateOnSetState": true,
      },
    },
  },
}
`;
